2026-05-19 12:06:14.256 | INFO     | __main__:main:5 - Initializing database...
2026-05-19 12:06:14.296 | INFO     | __main__:main:9 - Database initialized
2026-05-19 12:07:08.147 | INFO     | __main__:run:155 - Connecting to email server...
2026-05-19 12:07:09.865 | INFO     | __main__:run:162 - Login successful
2026-05-19 12:07:11.364 | INFO     | __main__:run:174 - Total emails found: 2
2026-05-19 12:07:11.902 | INFO     | __main__:process_email:122 - Email type: UNKNOWN
2026-05-19 12:07:11.902 | INFO     | __main__:process_email:125 - Skipped non-order email
2026-05-19 12:07:12.849 | INFO     | __main__:process_email:122 - Email type: ORDER
2026-05-19 12:07:12.864 | INFO     | __main__:save_attachments:85 - Attachment saved: D:\python_projects\business-automation-pipeline\data\attachments\14_huyenorder.xlsx
2026-05-19 12:07:12.864 | INFO     | __main__:process_email:131 - ==================================================
2026-05-19 12:07:12.864 | INFO     | __main__:process_email:132 - Processing email UID: 14
2026-05-19 12:07:12.864 | INFO     | __main__:process_email:133 - Subject: order
2026-05-19 12:07:12.864 | INFO     | __main__:process_email:134 - From: Huyền Thu <dangthuhuyen90@gmail.com>
2026-05-19 12:07:12.864 | INFO     | __main__:process_email:135 - Attachments: ['huyenorder.xlsx']
2026-05-19 12:07:12.864 | INFO     | __main__:process_email:136 - Saved files: ['D:\\python_projects\\business-automation-pipeline\\data\\attachments\\14_huyenorder.xlsx']
2026-05-19 12:07:12.864 | INFO     | __main__:process_email:137 - Email body preview: -- 
Thu Huyền.

2026-05-19 12:07:12.864 | INFO     | __main__:process_email:151 - Email UID saved: 14
2026-05-19 12:07:13.287 | INFO     | __main__:run:201 - Disconnected from email server
2026-05-19 12:08:45.507 | INFO     | __main__:run:27 - Processing attachment_id=1
2026-05-19 12:08:45.834 | INFO     | src.modules.attachment_worker.order_aggregator:process_excel:100 - Processing Excel: D:\python_projects\business-automation-pipeline\data\attachments\14_huyenorder.xlsx
2026-05-19 12:08:45.850 | INFO     | src.modules.attachment_worker.order_aggregator:process_excel:118 - Total rows: 9
2026-05-19 12:08:45.881 | INFO     | src.modules.attachment_worker.order_aggregator:process_excel:188 - Final orders: 3
2026-05-19 12:08:45.881 | INFO     | src.modules.attachment_worker.order_aggregator:process_excel:200 - READY orders: 3
2026-05-19 12:08:45.881 | INFO     | src.modules.attachment_worker.order_aggregator:process_excel:201 - REJECTED orders: 0
2026-05-19 12:08:45.881 | INFO     | __main__:run:63 - Processed orders: 3
2026-05-19 12:08:45.897 | INFO     | __main__:run:72 - Attachment completed
2026-05-19 12:16:42.272 | INFO     | __main__:main:5 - Initializing database...
2026-05-19 12:16:42.288 | INFO     | __main__:main:9 - Database initialized
2026-05-19 12:19:52.381 | INFO     | __main__:<module>:88 - Scheduler started...
2026-05-19 12:19:52.381 | INFO     | __main__:run_pipeline:54 - ==============================
2026-05-19 12:19:52.381 | INFO     | __main__:run_pipeline:55 - PIPELINE STARTED | RUN_ID: 20260519_121952-14188
2026-05-19 12:19:52.381 | INFO     | __main__:run_pipeline:56 - ==============================
2026-05-19 12:19:52.381 | INFO     | __main__:run_step:18 - [RUN:20260519_121952-14188] START STEP: src.modules.email_reader.email_reader
2026-05-19 12:19:52.735 | INFO     | __main__:run:155 - Connecting to email server...
2026-05-19 12:19:53.971 | INFO     | __main__:run:162 - Login successful
2026-05-19 12:19:54.678 | INFO     | __main__:run:174 - Total emails found: 2
2026-05-19 12:19:55.174 | INFO     | __main__:process_email:122 - Email type: UNKNOWN
2026-05-19 12:19:55.174 | INFO     | __main__:process_email:125 - Skipped non-order email
2026-05-19 12:19:55.631 | INFO     | __main__:process_email:122 - Email type: ORDER
2026-05-19 12:19:55.631 | INFO     | __main__:save_attachments:85 - Attachment saved: D:\python_projects\business-automation-pipeline\data\attachments\14_huyenorder.xlsx
2026-05-19 12:19:55.631 | INFO     | __main__:process_email:131 - ==================================================
2026-05-19 12:19:55.631 | INFO     | __main__:process_email:132 - Processing email UID: 14
2026-05-19 12:19:55.631 | INFO     | __main__:process_email:133 - Subject: order
2026-05-19 12:19:55.631 | INFO     | __main__:process_email:134 - From: Huyền Thu <dangthuhuyen90@gmail.com>
2026-05-19 12:19:55.631 | INFO     | __main__:process_email:135 - Attachments: ['huyenorder.xlsx']
2026-05-19 12:19:55.631 | INFO     | __main__:process_email:136 - Saved files: ['D:\\python_projects\\business-automation-pipeline\\data\\attachments\\14_huyenorder.xlsx']
2026-05-19 12:19:55.631 | INFO     | __main__:process_email:137 - Email body preview: -- 
Thu Huyền.

2026-05-19 12:19:55.646 | INFO     | __main__:process_email:151 - Email UID saved: 14
2026-05-19 12:19:55.985 | INFO     | __main__:run:201 - Disconnected from email server
2026-05-19 12:19:56.032 | INFO     | __main__:run_step:31 - [RUN:20260519_121952-14188] 2026-05-19 12:19:52 | INFO | Connecting to email server...
2026-05-19 12:19:53 | INFO | Login successful
2026-05-19 12:19:54 | INFO | Total emails found: 2
2026-05-19 12:19:55 | INFO | Email type: UNKNOWN
2026-05-19 12:19:55 | INFO | Skipped non-order email
2026-05-19 12:19:55 | INFO | Email type: ORDER
2026-05-19 12:19:55 | INFO | Attachment saved: D:\python_projects\business-automation-pipeline\data\attachments\14_huyenorder.xlsx
2026-05-19 12:19:55 | INFO | ==================================================
2026-05-19 12:19:55 | INFO | Processing email UID: 14
2026-05-19 12:19:55 | INFO | Subject: order
2026-05-19 12:19:55 | INFO | From: Huyền Thu <dangthuhuyen90@gmail.com>
2026-05-19 12:19:55 | INFO | Attachments: ['huyenorder.xlsx']
2026-05-19 12:19:55 | INFO | Saved files: ['D:\\python_projects\\business-automation-pipeline\\data\\attachments\\14_huyenorder.xlsx']
2026-05-19 12:19:55 | INFO | Email body preview: -- 

Thu Huyền.


2026-05-19 12:19:55 | INFO | Email UID saved: 14
2026-05-19 12:19:55 | INFO | Disconnected from email server

2026-05-19 12:19:56.033 | INFO     | __main__:run_step:39 - [RUN:20260519_121952-14188] SUCCESS STEP: src.modules.email_reader.email_reader
2026-05-19 12:19:56.034 | INFO     | __main__:run_step:18 - [RUN:20260519_121952-14188] START STEP: src.modules.attachment_worker.attachment_worker
2026-05-19 12:19:57.053 | INFO     | __main__:run:27 - Processing attachment_id=1
2026-05-19 12:19:57.365 | INFO     | src.modules.attachment_worker.order_aggregator:process_excel:100 - Processing Excel: D:\python_projects\business-automation-pipeline\data\attachments\14_huyenorder.xlsx
2026-05-19 12:19:57.366 | INFO     | src.modules.attachment_worker.order_aggregator:process_excel:118 - Total rows: 9
2026-05-19 12:19:57.397 | INFO     | src.modules.attachment_worker.order_aggregator:process_excel:188 - Final orders: 3
2026-05-19 12:19:57.397 | INFO     | src.modules.attachment_worker.order_aggregator:process_excel:200 - READY orders: 3
2026-05-19 12:19:57.397 | INFO     | src.modules.attachment_worker.order_aggregator:process_excel:201 - REJECTED orders: 0
2026-05-19 12:19:57.397 | INFO     | __main__:run:63 - Processed orders: 3
2026-05-19 12:19:57.413 | INFO     | __main__:run:72 - Attachment completed
2026-05-19 12:19:57.527 | INFO     | __main__:run_step:31 - [RUN:20260519_121952-14188] 2026-05-19 12:19:57 | INFO | Processing attachment_id=1
2026-05-19 12:19:57 | INFO | Processing Excel: D:\python_projects\business-automation-pipeline\data\attachments\14_huyenorder.xlsx
2026-05-19 12:19:57 | INFO | Total rows: 9
2026-05-19 12:19:57 | INFO | Final orders: 3
2026-05-19 12:19:57 | INFO | READY orders: 3
2026-05-19 12:19:57 | INFO | REJECTED orders: 0
2026-05-19 12:19:57 | INFO | Processed orders: 3
2026-05-19 12:19:57 | INFO | Attachment completed

2026-05-19 12:19:57.527 | INFO     | __main__:run_step:39 - [RUN:20260519_121952-14188] SUCCESS STEP: src.modules.attachment_worker.attachment_worker
2026-05-19 12:19:57.527 | INFO     | __main__:run_step:18 - [RUN:20260519_121952-14188] START STEP: src.modules.auto_create_order.auto_create_order
2026-05-19 12:20:05.284 | INFO     | __main__:run_step:31 - [RUN:20260519_121952-14188] Login attempt 1
Login success
Processing ORD-5004
Create order ORD-5004 attempt 1
SKU-SONYWH1000
SKU-SONYWH1000
SKU-IPHONE15PM
Order success ORD-5004
DONE ORD-5004
Processing ORD-5005
Create order ORD-5005 attempt 1
SKU-IPHONE15
SKU-IPHONE15PM
Order success ORD-5005
DONE ORD-5005
Processing ORD-5006
Create order ORD-5006 attempt 1
SKU-APPLEWATCH
Order success ORD-5006
DONE ORD-5006

2026-05-19 12:20:05.285 | INFO     | __main__:run_step:39 - [RUN:20260519_121952-14188] SUCCESS STEP: src.modules.auto_create_order.auto_create_order
2026-05-19 12:20:05.290 | INFO     | __main__:run_pipeline:66 - PIPELINE SUCCESS | RUN_ID: 20260519_121952-14188
2026-05-19 12:20:52.395 | INFO     | __main__:run_pipeline:54 - ==============================
2026-05-19 12:20:52.395 | INFO     | __main__:run_pipeline:55 - PIPELINE STARTED | RUN_ID: 20260519_122052-14188
2026-05-19 12:20:52.395 | INFO     | __main__:run_pipeline:56 - ==============================
2026-05-19 12:20:52.395 | INFO     | __main__:run_step:18 - [RUN:20260519_122052-14188] START STEP: src.modules.email_reader.email_reader
2026-05-19 12:20:52.748 | INFO     | __main__:run:155 - Connecting to email server...
2026-05-19 12:20:54.231 | INFO     | __main__:run:162 - Login successful
2026-05-19 12:20:55.088 | INFO     | __main__:run:174 - Total emails found: 2
2026-05-19 12:20:55.608 | INFO     | __main__:process_email:122 - Email type: UNKNOWN
2026-05-19 12:20:55.608 | INFO     | __main__:process_email:125 - Skipped non-order email
2026-05-19 12:20:55.609 | INFO     | __main__:run:180 - Skipping processed email UID: 14
2026-05-19 12:20:55.957 | INFO     | __main__:run:201 - Disconnected from email server
2026-05-19 12:20:56.005 | INFO     | __main__:run_step:31 - [RUN:20260519_122052-14188] 2026-05-19 12:20:52 | INFO | Connecting to email server...
2026-05-19 12:20:54 | INFO | Login successful
2026-05-19 12:20:55 | INFO | Total emails found: 2
2026-05-19 12:20:55 | INFO | Email type: UNKNOWN
2026-05-19 12:20:55 | INFO | Skipped non-order email
2026-05-19 12:20:55 | INFO | Skipping processed email UID: 14
2026-05-19 12:20:55 | INFO | Disconnected from email server

2026-05-19 12:20:56.005 | INFO     | __main__:run_step:39 - [RUN:20260519_122052-14188] SUCCESS STEP: src.modules.email_reader.email_reader
2026-05-19 12:20:56.008 | INFO     | __main__:run_step:18 - [RUN:20260519_122052-14188] START STEP: src.modules.attachment_worker.attachment_worker
2026-05-19 12:20:57.021 | INFO     | __main__:run:22 - No pending attachments
2026-05-19 12:20:57.115 | INFO     | __main__:run_step:31 - [RUN:20260519_122052-14188] 2026-05-19 12:20:57 | INFO | No pending attachments

2026-05-19 12:20:57.115 | INFO     | __main__:run_step:39 - [RUN:20260519_122052-14188] SUCCESS STEP: src.modules.attachment_worker.attachment_worker
2026-05-19 12:20:57.115 | INFO     | __main__:run_step:18 - [RUN:20260519_122052-14188] START STEP: src.modules.auto_create_order.auto_create_order
2026-05-19 12:20:57.491 | INFO     | __main__:run_step:31 - [RUN:20260519_122052-14188] No READY orders

2026-05-19 12:20:57.491 | INFO     | __main__:run_step:39 - [RUN:20260519_122052-14188] SUCCESS STEP: src.modules.auto_create_order.auto_create_order
2026-05-19 12:20:57.491 | INFO     | __main__:run_pipeline:66 - PIPELINE SUCCESS | RUN_ID: 20260519_122052-14188
2026-05-19 12:21:52.390 | INFO     | __main__:run_pipeline:54 - ==============================
2026-05-19 12:21:52.390 | INFO     | __main__:run_pipeline:55 - PIPELINE STARTED | RUN_ID: 20260519_122152-14188
2026-05-19 12:21:52.390 | INFO     | __main__:run_pipeline:56 - ==============================
2026-05-19 12:21:52.390 | INFO     | __main__:run_step:18 - [RUN:20260519_122152-14188] START STEP: src.modules.email_reader.email_reader
2026-05-19 12:21:52.725 | INFO     | __main__:run:155 - Connecting to email server...
2026-05-19 12:21:53.896 | INFO     | __main__:run:162 - Login successful
2026-05-19 12:21:54.599 | INFO     | __main__:run:174 - Total emails found: 2
2026-05-19 12:21:55.037 | INFO     | __main__:process_email:122 - Email type: UNKNOWN
2026-05-19 12:21:55.037 | INFO     | __main__:process_email:125 - Skipped non-order email
2026-05-19 12:21:55.037 | INFO     | __main__:run:180 - Skipping processed email UID: 14
2026-05-19 12:21:55.381 | INFO     | __main__:run:201 - Disconnected from email server
2026-05-19 12:21:55.436 | INFO     | __main__:run_step:31 - [RUN:20260519_122152-14188] 2026-05-19 12:21:52 | INFO | Connecting to email server...
2026-05-19 12:21:53 | INFO | Login successful
2026-05-19 12:21:54 | INFO | Total emails found: 2
2026-05-19 12:21:55 | INFO | Email type: UNKNOWN
2026-05-19 12:21:55 | INFO | Skipped non-order email
2026-05-19 12:21:55 | INFO | Skipping processed email UID: 14
2026-05-19 12:21:55 | INFO | Disconnected from email server

2026-05-19 12:21:55.436 | INFO     | __main__:run_step:39 - [RUN:20260519_122152-14188] SUCCESS STEP: src.modules.email_reader.email_reader
2026-05-19 12:21:55.436 | INFO     | __main__:run_step:18 - [RUN:20260519_122152-14188] START STEP: src.modules.attachment_worker.attachment_worker
2026-05-19 12:21:56.349 | INFO     | __main__:run:22 - No pending attachments
2026-05-19 12:21:56.429 | INFO     | __main__:run_step:31 - [RUN:20260519_122152-14188] 2026-05-19 12:21:56 | INFO | No pending attachments

2026-05-19 12:21:56.429 | INFO     | __main__:run_step:39 - [RUN:20260519_122152-14188] SUCCESS STEP: src.modules.attachment_worker.attachment_worker
2026-05-19 12:21:56.429 | INFO     | __main__:run_step:18 - [RUN:20260519_122152-14188] START STEP: src.modules.auto_create_order.auto_create_order
2026-05-19 12:21:56.803 | INFO     | __main__:run_step:31 - [RUN:20260519_122152-14188] No READY orders

2026-05-19 12:21:56.803 | INFO     | __main__:run_step:39 - [RUN:20260519_122152-14188] SUCCESS STEP: src.modules.auto_create_order.auto_create_order
2026-05-19 12:21:56.803 | INFO     | __main__:run_pipeline:66 - PIPELINE SUCCESS | RUN_ID: 20260519_122152-14188
2026-05-19 12:22:52.391 | INFO     | __main__:run_pipeline:54 - ==============================
2026-05-19 12:22:52.392 | INFO     | __main__:run_pipeline:55 - PIPELINE STARTED | RUN_ID: 20260519_122252-14188
2026-05-19 12:22:52.392 | INFO     | __main__:run_pipeline:56 - ==============================
2026-05-19 12:22:52.393 | INFO     | __main__:run_step:18 - [RUN:20260519_122252-14188] START STEP: src.modules.email_reader.email_reader
2026-05-19 12:22:52.706 | INFO     | __main__:run:155 - Connecting to email server...
2026-05-19 12:22:53.849 | INFO     | __main__:run:162 - Login successful
2026-05-19 12:22:54.552 | INFO     | __main__:run:174 - Total emails found: 2
2026-05-19 12:22:54.974 | INFO     | __main__:process_email:122 - Email type: UNKNOWN
2026-05-19 12:22:54.974 | INFO     | __main__:process_email:125 - Skipped non-order email
2026-05-19 12:22:54.974 | INFO     | __main__:run:180 - Skipping processed email UID: 14
2026-05-19 12:22:55.317 | INFO     | __main__:run:201 - Disconnected from email server
2026-05-19 12:22:55.366 | INFO     | __main__:run_step:31 - [RUN:20260519_122252-14188] 2026-05-19 12:22:52 | INFO | Connecting to email server...
2026-05-19 12:22:53 | INFO | Login successful
2026-05-19 12:22:54 | INFO | Total emails found: 2
2026-05-19 12:22:54 | INFO | Email type: UNKNOWN
2026-05-19 12:22:54 | INFO | Skipped non-order email
2026-05-19 12:22:54 | INFO | Skipping processed email UID: 14
2026-05-19 12:22:55 | INFO | Disconnected from email server

2026-05-19 12:22:55.366 | INFO     | __main__:run_step:39 - [RUN:20260519_122252-14188] SUCCESS STEP: src.modules.email_reader.email_reader
2026-05-19 12:22:55.366 | INFO     | __main__:run_step:18 - [RUN:20260519_122252-14188] START STEP: src.modules.attachment_worker.attachment_worker
2026-05-19 12:22:56.318 | INFO     | __main__:run:22 - No pending attachments
2026-05-19 12:22:56.409 | INFO     | __main__:run_step:31 - [RUN:20260519_122252-14188] 2026-05-19 12:22:56 | INFO | No pending attachments

2026-05-19 12:22:56.409 | INFO     | __main__:run_step:39 - [RUN:20260519_122252-14188] SUCCESS STEP: src.modules.attachment_worker.attachment_worker
2026-05-19 12:22:56.409 | INFO     | __main__:run_step:18 - [RUN:20260519_122252-14188] START STEP: src.modules.auto_create_order.auto_create_order
2026-05-19 12:22:56.772 | INFO     | __main__:run_step:31 - [RUN:20260519_122252-14188] No READY orders

2026-05-19 12:22:56.772 | INFO     | __main__:run_step:39 - [RUN:20260519_122252-14188] SUCCESS STEP: src.modules.auto_create_order.auto_create_order
2026-05-19 12:22:56.772 | INFO     | __main__:run_pipeline:66 - PIPELINE SUCCESS | RUN_ID: 20260519_122252-14188
2026-05-19 12:23:52.378 | INFO     | __main__:run_pipeline:54 - ==============================
2026-05-19 12:23:52.379 | INFO     | __main__:run_pipeline:55 - PIPELINE STARTED | RUN_ID: 20260519_122352-14188
2026-05-19 12:23:52.380 | INFO     | __main__:run_pipeline:56 - ==============================
2026-05-19 12:23:52.380 | INFO     | __main__:run_step:18 - [RUN:20260519_122352-14188] START STEP: src.modules.email_reader.email_reader
2026-05-19 12:23:52.725 | INFO     | __main__:run:155 - Connecting to email server...
2026-05-19 12:23:53.849 | INFO     | __main__:run:162 - Login successful
2026-05-19 12:23:54.584 | INFO     | __main__:run:174 - Total emails found: 2
2026-05-19 12:23:55.093 | INFO     | __main__:process_email:122 - Email type: UNKNOWN
2026-05-19 12:23:55.094 | INFO     | __main__:process_email:125 - Skipped non-order email
2026-05-19 12:23:55.095 | INFO     | __main__:run:180 - Skipping processed email UID: 14
2026-05-19 12:23:55.505 | INFO     | __main__:run:201 - Disconnected from email server
2026-05-19 12:23:55.553 | INFO     | __main__:run_step:31 - [RUN:20260519_122352-14188] 2026-05-19 12:23:52 | INFO | Connecting to email server...
2026-05-19 12:23:53 | INFO | Login successful
2026-05-19 12:23:54 | INFO | Total emails found: 2
2026-05-19 12:23:55 | INFO | Email type: UNKNOWN
2026-05-19 12:23:55 | INFO | Skipped non-order email
2026-05-19 12:23:55 | INFO | Skipping processed email UID: 14
2026-05-19 12:23:55 | INFO | Disconnected from email server

2026-05-19 12:23:55.553 | INFO     | __main__:run_step:39 - [RUN:20260519_122352-14188] SUCCESS STEP: src.modules.email_reader.email_reader
2026-05-19 12:23:55.569 | INFO     | __main__:run_step:18 - [RUN:20260519_122352-14188] START STEP: src.modules.attachment_worker.attachment_worker
2026-05-19 12:23:56.519 | INFO     | __main__:run:22 - No pending attachments
2026-05-19 12:23:56.619 | INFO     | __main__:run_step:31 - [RUN:20260519_122352-14188] 2026-05-19 12:23:56 | INFO | No pending attachments

2026-05-19 12:23:56.620 | INFO     | __main__:run_step:39 - [RUN:20260519_122352-14188] SUCCESS STEP: src.modules.attachment_worker.attachment_worker
2026-05-19 12:23:56.620 | INFO     | __main__:run_step:18 - [RUN:20260519_122352-14188] START STEP: src.modules.auto_create_order.auto_create_order
2026-05-19 12:23:56.975 | INFO     | __main__:run_step:31 - [RUN:20260519_122352-14188] No READY orders

2026-05-19 12:23:56.975 | INFO     | __main__:run_step:39 - [RUN:20260519_122352-14188] SUCCESS STEP: src.modules.auto_create_order.auto_create_order
2026-05-19 12:23:56.975 | INFO     | __main__:run_pipeline:66 - PIPELINE SUCCESS | RUN_ID: 20260519_122352-14188
2026-05-19 12:24:52.380 | INFO     | __main__:run_pipeline:54 - ==============================
2026-05-19 12:24:52.380 | INFO     | __main__:run_pipeline:55 - PIPELINE STARTED | RUN_ID: 20260519_122452-14188
2026-05-19 12:24:52.380 | INFO     | __main__:run_pipeline:56 - ==============================
2026-05-19 12:24:52.380 | INFO     | __main__:run_step:18 - [RUN:20260519_122452-14188] START STEP: src.modules.email_reader.email_reader
2026-05-19 12:24:52.756 | INFO     | __main__:run:155 - Connecting to email server...
2026-05-19 12:24:54.255 | INFO     | __main__:run:162 - Login successful
2026-05-19 12:24:55.290 | INFO     | __main__:run:174 - Total emails found: 2
2026-05-19 12:24:55.836 | INFO     | __main__:process_email:122 - Email type: UNKNOWN
2026-05-19 12:24:55.836 | INFO     | __main__:process_email:125 - Skipped non-order email
2026-05-19 12:24:55.838 | INFO     | __main__:run:180 - Skipping processed email UID: 14
2026-05-19 12:24:56.189 | INFO     | __main__:run:201 - Disconnected from email server
2026-05-19 12:24:56.273 | INFO     | __main__:run_step:31 - [RUN:20260519_122452-14188] 2026-05-19 12:24:52 | INFO | Connecting to email server...
2026-05-19 12:24:54 | INFO | Login successful
2026-05-19 12:24:55 | INFO | Total emails found: 2
2026-05-19 12:24:55 | INFO | Email type: UNKNOWN
2026-05-19 12:24:55 | INFO | Skipped non-order email
2026-05-19 12:24:55 | INFO | Skipping processed email UID: 14
2026-05-19 12:24:56 | INFO | Disconnected from email server

2026-05-19 12:24:56.273 | INFO     | __main__:run_step:39 - [RUN:20260519_122452-14188] SUCCESS STEP: src.modules.email_reader.email_reader
2026-05-19 12:24:56.273 | INFO     | __main__:run_step:18 - [RUN:20260519_122452-14188] START STEP: src.modules.attachment_worker.attachment_worker
2026-05-19 12:24:57.392 | INFO     | __main__:run:22 - No pending attachments
2026-05-19 12:24:57.472 | INFO     | __main__:run_step:31 - [RUN:20260519_122452-14188] 2026-05-19 12:24:57 | INFO | No pending attachments

2026-05-19 12:24:57.472 | INFO     | __main__:run_step:39 - [RUN:20260519_122452-14188] SUCCESS STEP: src.modules.attachment_worker.attachment_worker
2026-05-19 12:24:57.487 | INFO     | __main__:run_step:18 - [RUN:20260519_122452-14188] START STEP: src.modules.auto_create_order.auto_create_order
2026-05-19 12:24:57.851 | INFO     | __main__:run_step:31 - [RUN:20260519_122452-14188] No READY orders

2026-05-19 12:24:57.852 | INFO     | __main__:run_step:39 - [RUN:20260519_122452-14188] SUCCESS STEP: src.modules.auto_create_order.auto_create_order
2026-05-19 12:24:57.854 | INFO     | __main__:run_pipeline:66 - PIPELINE SUCCESS | RUN_ID: 20260519_122452-14188
2026-05-19 12:25:52.378 | INFO     | __main__:run_pipeline:54 - ==============================
2026-05-19 12:25:52.379 | INFO     | __main__:run_pipeline:55 - PIPELINE STARTED | RUN_ID: 20260519_122552-14188
2026-05-19 12:25:52.380 | INFO     | __main__:run_pipeline:56 - ==============================
2026-05-19 12:25:52.380 | INFO     | __main__:run_step:18 - [RUN:20260519_122552-14188] START STEP: src.modules.email_reader.email_reader
2026-05-19 12:25:52.710 | INFO     | __main__:run:155 - Connecting to email server...
2026-05-19 12:25:53.771 | INFO     | __main__:run:162 - Login successful
2026-05-19 12:25:54.880 | INFO     | __main__:run:174 - Total emails found: 3
2026-05-19 12:25:55.522 | INFO     | __main__:process_email:122 - Email type: UNKNOWN
2026-05-19 12:25:55.522 | INFO     | __main__:process_email:125 - Skipped non-order email
2026-05-19 12:25:55.522 | INFO     | __main__:run:180 - Skipping processed email UID: 14
2026-05-19 12:25:58.069 | INFO     | __main__:process_email:122 - Email type: ORDER
2026-05-19 12:25:58.076 | INFO     | __main__:save_attachments:85 - Attachment saved: D:\python_projects\business-automation-pipeline\data\attachments\15_random_orders_20260519_120507.xlsx
2026-05-19 12:25:58.076 | INFO     | __main__:process_email:131 - ==================================================
2026-05-19 12:25:58.076 | INFO     | __main__:process_email:132 - Processing email UID: 15
2026-05-19 12:25:58.076 | INFO     | __main__:process_email:133 - Subject: order
2026-05-19 12:25:58.076 | INFO     | __main__:process_email:134 - From: Khuong Nguyen <ndkhuongapp@gmail.com>
2026-05-19 12:25:58.076 | INFO     | __main__:process_email:135 - Attachments: ['random_orders_20260519_120507.xlsx']
2026-05-19 12:25:58.076 | INFO     | __main__:process_email:136 - Saved files: ['D:\\python_projects\\business-automation-pipeline\\data\\attachments\\15_random_orders_20260519_120507.xlsx']
2026-05-19 12:25:58.076 | INFO     | __main__:process_email:137 - Email body preview: order

2026-05-19 12:25:58.076 | INFO     | __main__:process_email:151 - Email UID saved: 15
2026-05-19 12:25:58.495 | INFO     | __main__:run:201 - Disconnected from email server
2026-05-19 12:25:58.644 | INFO     | __main__:run_step:31 - [RUN:20260519_122552-14188] 2026-05-19 12:25:52 | INFO | Connecting to email server...
2026-05-19 12:25:53 | INFO | Login successful
2026-05-19 12:25:54 | INFO | Total emails found: 3
2026-05-19 12:25:55 | INFO | Email type: UNKNOWN
2026-05-19 12:25:55 | INFO | Skipped non-order email
2026-05-19 12:25:55 | INFO | Skipping processed email UID: 14
2026-05-19 12:25:58 | INFO | Email type: ORDER
2026-05-19 12:25:58 | INFO | Attachment saved: D:\python_projects\business-automation-pipeline\data\attachments\15_random_orders_20260519_120507.xlsx
2026-05-19 12:25:58 | INFO | ==================================================
2026-05-19 12:25:58 | INFO | Processing email UID: 15
2026-05-19 12:25:58 | INFO | Subject: order
2026-05-19 12:25:58 | INFO | From: Khuong Nguyen <ndkhuongapp@gmail.com>
2026-05-19 12:25:58 | INFO | Attachments: ['random_orders_20260519_120507.xlsx']
2026-05-19 12:25:58 | INFO | Saved files: ['D:\\python_projects\\business-automation-pipeline\\data\\attachments\\15_random_orders_20260519_120507.xlsx']
2026-05-19 12:25:58 | INFO | Email body preview: order


2026-05-19 12:25:58 | INFO | Email UID saved: 15
2026-05-19 12:25:58 | INFO | Disconnected from email server

2026-05-19 12:25:58.644 | INFO     | __main__:run_step:39 - [RUN:20260519_122552-14188] SUCCESS STEP: src.modules.email_reader.email_reader
2026-05-19 12:25:58.644 | INFO     | __main__:run_step:18 - [RUN:20260519_122552-14188] START STEP: src.modules.attachment_worker.attachment_worker
2026-05-19 12:26:00.053 | INFO     | __main__:run:27 - Processing attachment_id=2
2026-05-19 12:26:01.264 | INFO     | src.modules.attachment_worker.order_aggregator:process_excel:100 - Processing Excel: D:\python_projects\business-automation-pipeline\data\attachments\15_random_orders_20260519_120507.xlsx
2026-05-19 12:26:01.881 | INFO     | src.modules.attachment_worker.order_aggregator:process_excel:118 - Total rows: 2513
2026-05-19 12:26:14.116 | INFO     | src.modules.attachment_worker.order_aggregator:process_excel:188 - Final orders: 1001
2026-05-19 12:26:14.116 | INFO     | src.modules.attachment_worker.order_aggregator:process_excel:200 - READY orders: 923
2026-05-19 12:26:14.116 | INFO     | src.modules.attachment_worker.order_aggregator:process_excel:201 - REJECTED orders: 78
2026-05-19 12:26:14.116 | INFO     | __main__:run:63 - Processed orders: 1001
2026-05-19 12:26:14.131 | INFO     | __main__:run:72 - Attachment completed
2026-05-19 12:26:14.225 | INFO     | __main__:run_step:31 - [RUN:20260519_122552-14188] 2026-05-19 12:26:00 | INFO | Processing attachment_id=2
2026-05-19 12:26:01 | INFO | Processing Excel: D:\python_projects\business-automation-pipeline\data\attachments\15_random_orders_20260519_120507.xlsx
2026-05-19 12:26:01 | INFO | Total rows: 2513
2026-05-19 12:26:14 | INFO | Final orders: 1001
2026-05-19 12:26:14 | INFO | READY orders: 923
2026-05-19 12:26:14 | INFO | REJECTED orders: 78
2026-05-19 12:26:14 | INFO | Processed orders: 1001
2026-05-19 12:26:14 | INFO | Attachment completed

2026-05-19 12:26:14.241 | INFO     | __main__:run_step:39 - [RUN:20260519_122552-14188] SUCCESS STEP: src.modules.attachment_worker.attachment_worker
2026-05-19 12:26:14.241 | INFO     | __main__:run_step:18 - [RUN:20260519_122552-14188] START STEP: src.modules.auto_create_order.auto_create_order
2026-05-19 12:27:25.507 | INFO     | __main__:run_step:31 - [RUN:20260519_122552-14188] Login attempt 1
Login success
Processing ORD-5000
Create order ORD-5000 attempt 1
SKU-MOUSE
SKU-SONYWH1000
Order success ORD-5000
DONE ORD-5000
Processing ORD-5001
Create order ORD-5001 attempt 1
SKU-AIRPODS2
Order success ORD-5001
DONE ORD-5001
Processing ORD-5002
Create order ORD-5002 attempt 1
SKU-MOUSE
SKU-MACBOOKAIR
Order success ORD-5002
DONE ORD-5002
Processing ORD-5003
Create order ORD-5003 attempt 1
SKU-IPAD
Order success ORD-5003
DONE ORD-5003
Processing ORD-5004
Create order ORD-5004 attempt 1
SKU-SONYWH1000
SKU-SONYWH1000
SKU-IPHONE15PM
SKU-IPAD10
SKU-SONYWH1000
Order failed ORD-5004: Timeout 5000ms exceeded.
=========================== logs ===========================
waiting for navigation to "**/orders" until 'load'
============================================================
Create order ORD-5004 attempt 2
SKU-SONYWH1000
SKU-SONYWH1000
SKU-IPHONE15PM
SKU-IPAD10
SKU-SONYWH1000
Order failed ORD-5004: Timeout 5000ms exceeded.
=========================== logs ===========================
waiting for navigation to "**/orders" until 'load'
============================================================
Create order ORD-5004 attempt 3
SKU-SONYWH1000
SKU-SONYWH1000
SKU-IPHONE15PM
SKU-IPAD10
SKU-SONYWH1000
Order failed ORD-5004: Timeout 5000ms exceeded.
=========================== logs ===========================
waiting for navigation to "**/orders" until 'load'
============================================================
FAILED ORD-5004
Create order failed after retries: ORD-5004
Processing ORD-5005
Create order ORD-5005 attempt 1
SKU-IPHONE15
SKU-IPHONE15PM
SKU-HUB
SKU-IPHONE15PM
Order failed ORD-5005: Timeout 5000ms exceeded.
=========================== logs ===========================
waiting for navigation to "**/orders" until 'load'
============================================================
Create order ORD-5005 attempt 2
SKU-IPHONE15
SKU-IPHONE15PM
SKU-HUB
SKU-IPHONE15PM
Order failed ORD-5005: Timeout 5000ms exceeded.
=========================== logs ===========================
waiting for navigation to "**/orders" until 'load'
============================================================
Create order ORD-5005 attempt 3
SKU-IPHONE15
SKU-IPHONE15PM
SKU-HUB
SKU-IPHONE15PM
Order failed ORD-5005: Timeout 5000ms exceeded.
=========================== logs ===========================
waiting for navigation to "**/orders" until 'load'
============================================================
FAILED ORD-5005
Create order failed after retries: ORD-5005
Processing ORD-5006
Create order ORD-5006 attempt 1
SKU-APPLEWATCH
SKU-SONYWH1000
SKU-MACBOOK
SKU-IPAD
Order failed ORD-5006: Timeout 5000ms exceeded.
=========================== logs ===========================
waiting for navigation to "**/orders" until 'load'
============================================================
Create order ORD-5006 attempt 2
SKU-APPLEWATCH
SKU-SONYWH1000
SKU-MACBOOK
SKU-IPAD
Order failed ORD-5006: Timeout 5000ms exceeded.
=========================== logs ===========================
waiting for navigation to "**/orders" until 'load'
============================================================
Create order ORD-5006 attempt 3
SKU-APPLEWATCH
SKU-SONYWH1000
SKU-MACBOOK
SKU-IPAD
Order failed ORD-5006: Timeout 5000ms exceeded.
=========================== logs ===========================
waiting for navigation to "**/orders" until 'load'
============================================================
FAILED ORD-5006
Create order failed after retries: ORD-5006
Processing ORD-5007
Create order ORD-5007 attempt 1
SKU-SONYWH1000
SKU-AIRPODS
SKU-MACBOOKAIR
Order success ORD-5007
DONE ORD-5007
Processing ORD-5008
Create order ORD-5008 attempt 1
SKU-HUB
Order success ORD-5008
DONE ORD-5008
Processing ORD-5009
Create order ORD-5009 attempt 1
SKU-MOUSE
SKU-IPHONE15
SKU-SONYWH1000
Order success ORD-5009
DONE ORD-5009

2026-05-19 12:27:25.507 | INFO     | __main__:run_step:39 - [RUN:20260519_122552-14188] SUCCESS STEP: src.modules.auto_create_order.auto_create_order
2026-05-19 12:27:25.507 | INFO     | __main__:run_pipeline:66 - PIPELINE SUCCESS | RUN_ID: 20260519_122552-14188
2026-05-19 12:27:52.385 | INFO     | __main__:run_pipeline:54 - ==============================
2026-05-19 12:27:52.385 | INFO     | __main__:run_pipeline:55 - PIPELINE STARTED | RUN_ID: 20260519_122752-14188
2026-05-19 12:27:52.385 | INFO     | __main__:run_pipeline:56 - ==============================
2026-05-19 12:27:52.385 | INFO     | __main__:run_step:18 - [RUN:20260519_122752-14188] START STEP: src.modules.email_reader.email_reader
2026-05-19 12:27:52.776 | INFO     | __main__:run:155 - Connecting to email server...
2026-05-19 12:27:53.953 | INFO     | __main__:run:162 - Login successful
2026-05-19 12:27:54.650 | INFO     | __main__:run:174 - Total emails found: 3
2026-05-19 12:27:55.097 | INFO     | __main__:process_email:122 - Email type: UNKNOWN
2026-05-19 12:27:55.097 | INFO     | __main__:process_email:125 - Skipped non-order email
2026-05-19 12:27:55.098 | INFO     | __main__:run:180 - Skipping processed email UID: 14
2026-05-19 12:27:55.099 | INFO     | __main__:run:180 - Skipping processed email UID: 15
2026-05-19 12:27:55.428 | INFO     | __main__:run:201 - Disconnected from email server
2026-05-19 12:27:55.474 | INFO     | __main__:run_step:31 - [RUN:20260519_122752-14188] 2026-05-19 12:27:52 | INFO | Connecting to email server...
2026-05-19 12:27:53 | INFO | Login successful
2026-05-19 12:27:54 | INFO | Total emails found: 3
2026-05-19 12:27:55 | INFO | Email type: UNKNOWN
2026-05-19 12:27:55 | INFO | Skipped non-order email
2026-05-19 12:27:55 | INFO | Skipping processed email UID: 14
2026-05-19 12:27:55 | INFO | Skipping processed email UID: 15
2026-05-19 12:27:55 | INFO | Disconnected from email server

2026-05-19 12:27:55.475 | INFO     | __main__:run_step:39 - [RUN:20260519_122752-14188] SUCCESS STEP: src.modules.email_reader.email_reader
2026-05-19 12:27:55.478 | INFO     | __main__:run_step:18 - [RUN:20260519_122752-14188] START STEP: src.modules.attachment_worker.attachment_worker
2026-05-19 12:27:56.849 | INFO     | __main__:run:22 - No pending attachments
2026-05-19 12:27:56.983 | INFO     | __main__:run_step:31 - [RUN:20260519_122752-14188] 2026-05-19 12:27:56 | INFO | No pending attachments

2026-05-19 12:27:56.985 | INFO     | __main__:run_step:39 - [RUN:20260519_122752-14188] SUCCESS STEP: src.modules.attachment_worker.attachment_worker
2026-05-19 12:27:56.986 | INFO     | __main__:run_step:18 - [RUN:20260519_122752-14188] START STEP: src.modules.auto_create_order.auto_create_order
2026-05-19 12:28:20.581 | INFO     | __main__:run_step:31 - [RUN:20260519_122752-14188] Login attempt 1
Login success
Processing ORD-5010
Create order ORD-5010 attempt 1
Order failed ORD-5010: Page.goto: Timeout 10000ms exceeded.
Call log:
  - navigating to "http://127.0.0.1:5000/orders/create", waiting until "load"

Create order ORD-5010 attempt 2
SKU-SAMSUNGS24
SKU-IPAD
Order success ORD-5010
DONE ORD-5010
Processing ORD-5011
Create order ORD-5011 attempt 1
SKU-MACBOOKAIR
SKU-SAMSUNGS24
Order success ORD-5011
DONE ORD-5011
Processing ORD-5012
Create order ORD-5012 attempt 1
SKU-SAMSUNGS24
Order success ORD-5012
DONE ORD-5012
Processing ORD-5013
Create order ORD-5013 attempt 1
SKU-NINTENDOOLED
SKU-IPAD
Order success ORD-5013
DONE ORD-5013
Processing ORD-5014
Create order ORD-5014 attempt 1
SKU-SAMSUNGS24
SKU-MACBOOKAIR
Order success ORD-5014
DONE ORD-5014
Processing ORD-5015
Create order ORD-5015 attempt 1
SKU-AIRPODS
SKU-IPHONE15PM
SKU-SAMSUNGS24
Order success ORD-5015
DONE ORD-5015
Processing ORD-5016
Create order ORD-5016 attempt 1
SKU-IPAD10
Order success ORD-5016
DONE ORD-5016
Processing ORD-5017
Create order ORD-5017 attempt 1
SKU-MACBOOKPRO
SKU-MOUSE
Order success ORD-5017
DONE ORD-5017
Processing ORD-5018
Create order ORD-5018 attempt 1
SKU-MACBOOKAIR
SKU-IPAD10
Order success ORD-5018
DONE ORD-5018
Processing ORD-5019
Create order ORD-5019 attempt 1
SKU-MACBOOKAIR
Order success ORD-5019
DONE ORD-5019

2026-05-19 12:28:20.581 | INFO     | __main__:run_step:39 - [RUN:20260519_122752-14188] SUCCESS STEP: src.modules.auto_create_order.auto_create_order
2026-05-19 12:28:20.581 | INFO     | __main__:run_pipeline:66 - PIPELINE SUCCESS | RUN_ID: 20260519_122752-14188
2026-05-19 12:28:52.378 | INFO     | __main__:run_pipeline:54 - ==============================
2026-05-19 12:28:52.379 | INFO     | __main__:run_pipeline:55 - PIPELINE STARTED | RUN_ID: 20260519_122852-14188
2026-05-19 12:28:52.384 | INFO     | __main__:run_pipeline:56 - ==============================
2026-05-19 12:28:52.388 | INFO     | __main__:run_step:18 - [RUN:20260519_122852-14188] START STEP: src.modules.email_reader.email_reader
2026-05-19 12:28:52.777 | INFO     | __main__:run:155 - Connecting to email server...
2026-05-19 12:28:54.587 | INFO     | __main__:run:162 - Login successful
2026-05-19 12:28:55.552 | INFO     | __main__:run:174 - Total emails found: 3
2026-05-19 12:28:57.912 | INFO     | __main__:process_email:122 - Email type: UNKNOWN
2026-05-19 12:28:57.913 | INFO     | __main__:process_email:125 - Skipped non-order email
2026-05-19 12:28:57.914 | INFO     | __main__:run:180 - Skipping processed email UID: 14
2026-05-19 12:28:57.916 | INFO     | __main__:run:180 - Skipping processed email UID: 15
2026-05-19 12:28:58.248 | INFO     | __main__:run:201 - Disconnected from email server
2026-05-19 12:28:58.503 | INFO     | __main__:run_step:31 - [RUN:20260519_122852-14188] 2026-05-19 12:28:52 | INFO | Connecting to email server...
2026-05-19 12:28:54 | INFO | Login successful
2026-05-19 12:28:55 | INFO | Total emails found: 3
2026-05-19 12:28:57 | INFO | Email type: UNKNOWN
2026-05-19 12:28:57 | INFO | Skipped non-order email
2026-05-19 12:28:57 | INFO | Skipping processed email UID: 14
2026-05-19 12:28:57 | INFO | Skipping processed email UID: 15
2026-05-19 12:28:58 | INFO | Disconnected from email server

2026-05-19 12:28:58.581 | INFO     | __main__:run_step:39 - [RUN:20260519_122852-14188] SUCCESS STEP: src.modules.email_reader.email_reader
2026-05-19 12:28:58.669 | INFO     | __main__:run_step:18 - [RUN:20260519_122852-14188] START STEP: src.modules.attachment_worker.attachment_worker
2026-05-19 12:29:01.272 | INFO     | __main__:run:22 - No pending attachments
2026-05-19 12:29:01.464 | INFO     | __main__:run_step:31 - [RUN:20260519_122852-14188] 2026-05-19 12:29:01 | INFO | No pending attachments

2026-05-19 12:29:01.466 | INFO     | __main__:run_step:39 - [RUN:20260519_122852-14188] SUCCESS STEP: src.modules.attachment_worker.attachment_worker
2026-05-19 12:29:01.468 | INFO     | __main__:run_step:18 - [RUN:20260519_122852-14188] START STEP: src.modules.auto_create_order.auto_create_order
2026-05-19 12:29:15.896 | INFO     | __main__:run_step:31 - [RUN:20260519_122852-14188] Login attempt 1
Login success
Processing ORD-5021
Create order ORD-5021 attempt 1
SKU-IPHONE15PM
SKU-IPHONE15
Order success ORD-5021
DONE ORD-5021
Processing ORD-5022
Create order ORD-5022 attempt 1
SKU-MACBOOK
SKU-IPAD
Order success ORD-5022
DONE ORD-5022
Processing ORD-5023
Create order ORD-5023 attempt 1
SKU-MOUSE
SKU-NINTENDOOLED
Order success ORD-5023
DONE ORD-5023
Processing ORD-5024
Create order ORD-5024 attempt 1
SKU-APPLEWATCH
Order success ORD-5024
DONE ORD-5024
Processing ORD-5025
Create order ORD-5025 attempt 1
SKU-IPAD10
SKU-MACBOOKPRO
SKU-AIRPODS
Order success ORD-5025
DONE ORD-5025
Processing ORD-5026
Create order ORD-5026 attempt 1
SKU-IPAD
Order success ORD-5026
DONE ORD-5026
Processing ORD-5027
Create order ORD-5027 attempt 1
SKU-MACBOOK
SKU-IPAD10
SKU-HUB
Order success ORD-5027
DONE ORD-5027
Processing ORD-5028
Create order ORD-5028 attempt 1
SKU-IPHONE15
SKU-NINTENDOOLED
Order success ORD-5028
DONE ORD-5028
Processing ORD-5029
Create order ORD-5029 attempt 1
Order failed ORD-5029: Frame.fill() missing 1 required positional argument: 'value'
Create order ORD-5029 attempt 2
Order failed ORD-5029: Frame.fill() missing 1 required positional argument: 'value'
Create order ORD-5029 attempt 3
Order failed ORD-5029: Frame.fill() missing 1 required positional argument: 'value'
FAILED ORD-5029
Create order failed after retries: ORD-5029
Processing ORD-5030
Create order ORD-5030 attempt 1
SKU-SAMSUNGS24
Order success ORD-5030
DONE ORD-5030

2026-05-19 12:29:15.897 | INFO     | __main__:run_step:39 - [RUN:20260519_122852-14188] SUCCESS STEP: src.modules.auto_create_order.auto_create_order
2026-05-19 12:29:15.905 | INFO     | __main__:run_pipeline:66 - PIPELINE SUCCESS | RUN_ID: 20260519_122852-14188
2026-05-19 12:29:52.380 | INFO     | __main__:run_pipeline:54 - ==============================
2026-05-19 12:29:52.380 | INFO     | __main__:run_pipeline:55 - PIPELINE STARTED | RUN_ID: 20260519_122952-14188
2026-05-19 12:29:52.380 | INFO     | __main__:run_pipeline:56 - ==============================
2026-05-19 12:29:52.380 | INFO     | __main__:run_step:18 - [RUN:20260519_122952-14188] START STEP: src.modules.email_reader.email_reader
2026-05-19 12:29:52.724 | INFO     | __main__:run:155 - Connecting to email server...
2026-05-19 12:29:54.333 | INFO     | __main__:run:162 - Login successful
2026-05-19 12:29:55.411 | INFO     | __main__:run:174 - Total emails found: 3
2026-05-19 12:29:55.959 | INFO     | __main__:process_email:122 - Email type: UNKNOWN
2026-05-19 12:29:55.959 | INFO     | __main__:process_email:125 - Skipped non-order email
2026-05-19 12:29:55.959 | INFO     | __main__:run:180 - Skipping processed email UID: 14
2026-05-19 12:29:55.959 | INFO     | __main__:run:180 - Skipping processed email UID: 15
2026-05-19 12:29:56.343 | INFO     | __main__:run:201 - Disconnected from email server
2026-05-19 12:29:56.402 | INFO     | __main__:run_step:31 - [RUN:20260519_122952-14188] 2026-05-19 12:29:52 | INFO | Connecting to email server...
2026-05-19 12:29:54 | INFO | Login successful
2026-05-19 12:29:55 | INFO | Total emails found: 3
2026-05-19 12:29:55 | INFO | Email type: UNKNOWN
2026-05-19 12:29:55 | INFO | Skipped non-order email
2026-05-19 12:29:55 | INFO | Skipping processed email UID: 14
2026-05-19 12:29:55 | INFO | Skipping processed email UID: 15
2026-05-19 12:29:56 | INFO | Disconnected from email server

2026-05-19 12:29:56.402 | INFO     | __main__:run_step:39 - [RUN:20260519_122952-14188] SUCCESS STEP: src.modules.email_reader.email_reader
2026-05-19 12:29:56.405 | INFO     | __main__:run_step:18 - [RUN:20260519_122952-14188] START STEP: src.modules.attachment_worker.attachment_worker
2026-05-19 12:29:57.438 | INFO     | __main__:run:22 - No pending attachments
2026-05-19 12:29:57.553 | INFO     | __main__:run_step:31 - [RUN:20260519_122952-14188] 2026-05-19 12:29:57 | INFO | No pending attachments

2026-05-19 12:29:57.554 | INFO     | __main__:run_step:39 - [RUN:20260519_122952-14188] SUCCESS STEP: src.modules.attachment_worker.attachment_worker
2026-05-19 12:29:57.556 | INFO     | __main__:run_step:18 - [RUN:20260519_122952-14188] START STEP: src.modules.auto_create_order.auto_create_order
2026-05-19 12:30:11.413 | INFO     | __main__:run_step:31 - [RUN:20260519_122952-14188] Login attempt 1
Login success
Processing ORD-5031
Create order ORD-5031 attempt 1
SKU-MACBOOKAIR
SKU-MACBOOK
Order success ORD-5031
DONE ORD-5031
Processing ORD-5032
Create order ORD-5032 attempt 1
SKU-IPHONE15
SKU-AIRPODS
Order success ORD-5032
DONE ORD-5032
Processing ORD-5033
Create order ORD-5033 attempt 1
SKU-AIRPODS2
SKU-NINTENDOOLED
Order success ORD-5033
DONE ORD-5033
Processing ORD-5034
Create order ORD-5034 attempt 1
SKU-HUB
Order success ORD-5034
DONE ORD-5034
Processing ORD-5035
Create order ORD-5035 attempt 1
SKU-SAMSUNGS24
SKU-IPHONE15
Order success ORD-5035
DONE ORD-5035
Processing ORD-5036
Create order ORD-5036 attempt 1
SKU-AIRPODS
SKU-MACBOOKPRO
Order success ORD-5036
DONE ORD-5036
Processing ORD-5037
Create order ORD-5037 attempt 1
SKU-MACBOOKAIR
SKU-NINTENDOOLED
Order success ORD-5037
DONE ORD-5037
Processing ORD-5038
Create order ORD-5038 attempt 1
SKU-IPAD10
Order success ORD-5038
DONE ORD-5038
Processing ORD-5039
Create order ORD-5039 attempt 1
Order failed ORD-5039: Frame.fill() missing 1 required positional argument: 'value'
Create order ORD-5039 attempt 2
Order failed ORD-5039: Frame.fill() missing 1 required positional argument: 'value'
Create order ORD-5039 attempt 3
Order failed ORD-5039: Frame.fill() missing 1 required positional argument: 'value'
FAILED ORD-5039
Create order failed after retries: ORD-5039
Processing ORD-5040
Create order ORD-5040 attempt 1
SKU-SONYWH1000
SKU-HUB
Order success ORD-5040
DONE ORD-5040

2026-05-19 12:30:11.413 | INFO     | __main__:run_step:39 - [RUN:20260519_122952-14188] SUCCESS STEP: src.modules.auto_create_order.auto_create_order
2026-05-19 12:30:11.413 | INFO     | __main__:run_pipeline:66 - PIPELINE SUCCESS | RUN_ID: 20260519_122952-14188
2026-05-19 12:30:52.378 | INFO     | __main__:run_pipeline:54 - ==============================
2026-05-19 12:30:52.379 | INFO     | __main__:run_pipeline:55 - PIPELINE STARTED | RUN_ID: 20260519_123052-14188
2026-05-19 12:30:52.381 | INFO     | __main__:run_pipeline:56 - ==============================
2026-05-19 12:30:52.381 | INFO     | __main__:run_step:18 - [RUN:20260519_123052-14188] START STEP: src.modules.email_reader.email_reader
2026-05-19 12:30:52.697 | INFO     | __main__:run:155 - Connecting to email server...
2026-05-19 12:30:54.052 | INFO     | __main__:run:162 - Login successful
2026-05-19 12:30:55.850 | INFO     | __main__:run:174 - Total emails found: 3
2026-05-19 12:30:56.256 | INFO     | __main__:process_email:122 - Email type: UNKNOWN
2026-05-19 12:30:56.256 | INFO     | __main__:process_email:125 - Skipped non-order email
2026-05-19 12:30:56.256 | INFO     | __main__:run:180 - Skipping processed email UID: 14
2026-05-19 12:30:56.256 | INFO     | __main__:run:180 - Skipping processed email UID: 15
2026-05-19 12:30:57.502 | INFO     | __main__:run:201 - Disconnected from email server
2026-05-19 12:30:57.553 | INFO     | __main__:run_step:31 - [RUN:20260519_123052-14188] 2026-05-19 12:30:52 | INFO | Connecting to email server...
2026-05-19 12:30:54 | INFO | Login successful
2026-05-19 12:30:55 | INFO | Total emails found: 3
2026-05-19 12:30:56 | INFO | Email type: UNKNOWN
2026-05-19 12:30:56 | INFO | Skipped non-order email
2026-05-19 12:30:56 | INFO | Skipping processed email UID: 14
2026-05-19 12:30:56 | INFO | Skipping processed email UID: 15
2026-05-19 12:30:57 | INFO | Disconnected from email server

2026-05-19 12:30:57.553 | INFO     | __main__:run_step:39 - [RUN:20260519_123052-14188] SUCCESS STEP: src.modules.email_reader.email_reader
2026-05-19 12:30:57.553 | INFO     | __main__:run_step:18 - [RUN:20260519_123052-14188] START STEP: src.modules.attachment_worker.attachment_worker
2026-05-19 12:30:59.094 | INFO     | __main__:run:22 - No pending attachments
2026-05-19 12:30:59.260 | INFO     | __main__:run_step:31 - [RUN:20260519_123052-14188] 2026-05-19 12:30:59 | INFO | No pending attachments

2026-05-19 12:30:59.260 | INFO     | __main__:run_step:39 - [RUN:20260519_123052-14188] SUCCESS STEP: src.modules.attachment_worker.attachment_worker
2026-05-19 12:30:59.260 | INFO     | __main__:run_step:18 - [RUN:20260519_123052-14188] START STEP: src.modules.auto_create_order.auto_create_order
2026-05-19 12:31:14.691 | INFO     | __main__:run_step:31 - [RUN:20260519_123052-14188] Login attempt 1
Login success
Processing ORD-5041
Create order ORD-5041 attempt 1
SKU-NINTENDOOLED
SKU-MACBOOKAIR
Order success ORD-5041
DONE ORD-5041
Processing ORD-5042
Create order ORD-5042 attempt 1
SKU-MACBOOK
SKU-APPLEWATCH
SKU-AIRPODS2
Order success ORD-5042
DONE ORD-5042
Processing ORD-5043
Create order ORD-5043 attempt 1
SKU-SAMSUNGS24
SKU-AIRPODS
SKU-IPHONE15PM
Order success ORD-5043
DONE ORD-5043
Processing ORD-5044
Create order ORD-5044 attempt 1
SKU-IPHONE15
SKU-IPHONE15PM
Order success ORD-5044
DONE ORD-5044
Processing ORD-5046
Create order ORD-5046 attempt 1
SKU-IPAD10
Order success ORD-5046
DONE ORD-5046
Processing ORD-5048
Create order ORD-5048 attempt 1
SKU-MACBOOKPRO
SKU-APPLEWATCH
SKU-MACBOOK
Order success ORD-5048
DONE ORD-5048
Processing ORD-5049
Create order ORD-5049 attempt 1
SKU-IPAD
SKU-SAMSUNGS24
SKU-MACBOOKPRO
Order success ORD-5049
DONE ORD-5049
Processing ORD-5050
Create order ORD-5050 attempt 1
SKU-MACBOOK
Order success ORD-5050
DONE ORD-5050
Processing ORD-5051
Create order ORD-5051 attempt 1
Order failed ORD-5051: Frame.fill() missing 1 required positional argument: 'value'
Create order ORD-5051 attempt 2
Order failed ORD-5051: Frame.fill() missing 1 required positional argument: 'value'
Create order ORD-5051 attempt 3
Order failed ORD-5051: Frame.fill() missing 1 required positional argument: 'value'
FAILED ORD-5051
Create order failed after retries: ORD-5051
Processing ORD-5052
Create order ORD-5052 attempt 1
SKU-IPAD
Order success ORD-5052
DONE ORD-5052

2026-05-19 12:31:14.692 | INFO     | __main__:run_step:39 - [RUN:20260519_123052-14188] SUCCESS STEP: src.modules.auto_create_order.auto_create_order
2026-05-19 12:31:14.699 | INFO     | __main__:run_pipeline:66 - PIPELINE SUCCESS | RUN_ID: 20260519_123052-14188
2026-05-19 12:31:52.389 | INFO     | __main__:run_pipeline:54 - ==============================
2026-05-19 12:31:52.390 | INFO     | __main__:run_pipeline:55 - PIPELINE STARTED | RUN_ID: 20260519_123152-14188
2026-05-19 12:31:52.392 | INFO     | __main__:run_pipeline:56 - ==============================
2026-05-19 12:31:52.394 | INFO     | __main__:run_step:18 - [RUN:20260519_123152-14188] START STEP: src.modules.email_reader.email_reader
2026-05-19 12:31:52.709 | INFO     | __main__:run:155 - Connecting to email server...
2026-05-19 12:31:54.178 | INFO     | __main__:run:162 - Login successful
2026-05-19 12:31:55.569 | INFO     | __main__:run:174 - Total emails found: 3
2026-05-19 12:31:56.161 | INFO     | __main__:process_email:122 - Email type: UNKNOWN
2026-05-19 12:31:56.161 | INFO     | __main__:process_email:125 - Skipped non-order email
2026-05-19 12:31:56.161 | INFO     | __main__:run:180 - Skipping processed email UID: 14
2026-05-19 12:31:56.161 | INFO     | __main__:run:180 - Skipping processed email UID: 15
2026-05-19 12:31:56.491 | INFO     | __main__:run:201 - Disconnected from email server
2026-05-19 12:31:56.537 | INFO     | __main__:run_step:31 - [RUN:20260519_123152-14188] 2026-05-19 12:31:52 | INFO | Connecting to email server...
2026-05-19 12:31:54 | INFO | Login successful
2026-05-19 12:31:55 | INFO | Total emails found: 3
2026-05-19 12:31:56 | INFO | Email type: UNKNOWN
2026-05-19 12:31:56 | INFO | Skipped non-order email
2026-05-19 12:31:56 | INFO | Skipping processed email UID: 14
2026-05-19 12:31:56 | INFO | Skipping processed email UID: 15
2026-05-19 12:31:56 | INFO | Disconnected from email server

2026-05-19 12:31:56.537 | INFO     | __main__:run_step:39 - [RUN:20260519_123152-14188] SUCCESS STEP: src.modules.email_reader.email_reader
2026-05-19 12:31:56.537 | INFO     | __main__:run_step:18 - [RUN:20260519_123152-14188] START STEP: src.modules.attachment_worker.attachment_worker
2026-05-19 12:31:57.476 | INFO     | __main__:run:22 - No pending attachments
2026-05-19 12:31:57.569 | INFO     | __main__:run_step:31 - [RUN:20260519_123152-14188] 2026-05-19 12:31:57 | INFO | No pending attachments

2026-05-19 12:31:57.569 | INFO     | __main__:run_step:39 - [RUN:20260519_123152-14188] SUCCESS STEP: src.modules.attachment_worker.attachment_worker
2026-05-19 12:31:57.569 | INFO     | __main__:run_step:18 - [RUN:20260519_123152-14188] START STEP: src.modules.auto_create_order.auto_create_order
2026-05-19 12:32:09.069 | INFO     | __main__:run_step:31 - [RUN:20260519_123152-14188] Login attempt 1
Login success
Processing ORD-5053
Create order ORD-5053 attempt 1
SKU-MACBOOK
Order success ORD-5053
DONE ORD-5053
Processing ORD-5054
Create order ORD-5054 attempt 1
SKU-MOUSE
Order success ORD-5054
DONE ORD-5054
Processing ORD-5055
Create order ORD-5055 attempt 1
SKU-MACBOOKAIR
Order success ORD-5055
DONE ORD-5055
Processing ORD-5056
Create order ORD-5056 attempt 1
SKU-HUB
SKU-MACBOOKPRO
Order success ORD-5056
DONE ORD-5056
Processing ORD-5057
Create order ORD-5057 attempt 1
SKU-MOUSE
SKU-AIRPODS
Order success ORD-5057
DONE ORD-5057
Processing ORD-5058
Create order ORD-5058 attempt 1
SKU-APPLEWATCH
SKU-SAMSUNGS24
Order success ORD-5058
DONE ORD-5058
Processing ORD-5059
Create order ORD-5059 attempt 1
SKU-IPAD10
SKU-AIRPODS2
SKU-SONYWH1000
Order success ORD-5059
DONE ORD-5059
Processing ORD-5060
Create order ORD-5060 attempt 1
SKU-MACBOOKAIR
Order success ORD-5060
DONE ORD-5060
Processing ORD-5062
Create order ORD-5062 attempt 1
SKU-SONYWH1000
Order success ORD-5062
DONE ORD-5062
Processing ORD-5063
Create order ORD-5063 attempt 1
SKU-SAMSUNGS24
SKU-MACBOOKPRO
Order success ORD-5063
DONE ORD-5063

2026-05-19 12:32:12.927 | INFO     | __main__:run_step:39 - [RUN:20260519_123152-14188] SUCCESS STEP: src.modules.auto_create_order.auto_create_order
2026-05-19 12:32:12.942 | INFO     | __main__:run_pipeline:66 - PIPELINE SUCCESS | RUN_ID: 20260519_123152-14188
2026-05-19 12:33:13.318 | INFO     | __main__:<module>:85 - Scheduler started...
2026-05-19 12:33:13.318 | INFO     | __main__:run_pipeline:55 - ==============================
2026-05-19 12:33:13.318 | INFO     | __main__:run_pipeline:56 - PIPELINE STARTED | RUN_ID: 20260519_123313-7616
2026-05-19 12:33:13.318 | INFO     | __main__:run_pipeline:57 - ==============================
2026-05-19 12:33:13.318 | INFO     | __main__:run_step:19 - [RUN:20260519_123313-7616] START STEP: src.modules.report_xlsx.report_xlsx
2026-05-19 12:33:19.373 | INFO     | __main__:run_step:32 - [RUN:20260519_123313-7616] Report created: D:\python_projects\business-automation-pipeline\data\output\business_report_20260519_123314.xlsx
Email sent successfully

2026-05-19 12:33:19.374 | INFO     | __main__:run_step:40 - [RUN:20260519_123313-7616] SUCCESS STEP: src.modules.report_xlsx.report_xlsx
2026-05-19 12:33:19.374 | INFO     | __main__:run_pipeline:63 - PIPELINE SUCCESS | RUN_ID: 20260519_123313-7616
